Archive member included to satisfy reference by file (symbol)

c:/program files/microchip/xc32/v4.21/bin/bin/../../lib/gcc/pic32c/8.3.1/../../../../pic32c/lib/thumb/v8-m.base/nofp\libpic32c.a(data_init_wrapper.o)
                              build/sam_l10_xpro/production/_ext/13305212/startup_xc32.o (__pic32c_data_initialization)
c:/program files/microchip/xc32/v4.21/bin/bin/../../lib/gcc/pic32c/8.3.1/../../../../pic32c/lib/thumb/v8-m.base/nofp\libpic32c.a(data_init_0_1.o)
                              c:/program files/microchip/xc32/v4.21/bin/bin/../../lib/gcc/pic32c/8.3.1/../../../../pic32c/lib/thumb/v8-m.base/nofp\libpic32c.a(data_init_wrapper.o) (__pic32c_data_initialization_impl)
c:/program files/microchip/xc32/v4.21/bin/bin/../../lib/gcc/pic32c/8.3.1/../../../../pic32c/lib/thumb/v8-m.base/nofp\libc-musl.a(__libc_start_main.o)
                              build/sam_l10_xpro/production/_ext/13305212/startup_xc32.o (__libc_init_array)
c:/program files/microchip/xc32/v4.21/bin/bin/../../lib/gcc/pic32c/8.3.1/../../../../pic32c/lib/thumb/v8-m.base/nofp\libc-musl.a(libc.o)
                              c:/program files/microchip/xc32/v4.21/bin/bin/../../lib/gcc/pic32c/8.3.1/../../../../pic32c/lib/thumb/v8-m.base/nofp\libc-musl.a(__libc_start_main.o) (__progname_full)
c:/program files/microchip/xc32/v4.21/bin/bin/../../lib/gcc/pic32c/8.3.1/../../../../pic32c/lib/thumb/v8-m.base/nofp\libc-musl.a(memcpy.o)
                              build/sam_l10_xpro/production/_ext/44973424/plib_nvmctrl.o (memcpy)
c:/program files/microchip/xc32/v4.21/bin/bin/../../lib/gcc/pic32c/8.3.1/../../../../pic32c/lib/thumb/v8-m.base/nofp\libc-musl.a(__environ.o)
                              c:/program files/microchip/xc32/v4.21/bin/bin/../../lib/gcc/pic32c/8.3.1/../../../../pic32c/lib/thumb/v8-m.base/nofp\libc-musl.a(__libc_start_main.o) (__environ)

Microchip PIC32 Memory-Usage Report

ROM Program-Memory Usage
section                    address  length [bytes]      (dec)  Description
-------                 ----------  -------------------------  -----------
.vectors                         0           0xf4         244   
.text                         0xf4           0x20          32  App's exec code 
.text.SERCOM0_SPI_Inter      0x114          0x25a         602   
.text.SERCOM0_SPI_Write      0x36e          0x1b0         432   
.text.CLOCK_Initialize       0x51e           0xf0         240   
.text._DRV_SPI_PlibCall      0x60e           0xee         238   
.text.SERCOM0_SPI_Trans      0x6fc           0xb8         184   
.text._DRV_SPI_UpdateTr      0x7b4           0xac         172   
.text.DRV_SPI_Initializ      0x860           0x8c         140   
.dinit                       0x8ec           0x80         128   
.text.PORT_Initialize        0x96c           0x74         116   
.text.__pic32c_data_ini      0x9e0           0x70         112   
.text.NVIC_Initialize        0xa50           0x6c         108   
.text.__libc_start_init      0xabc           0x5c          92   
.text.Reset_Handler          0xb18           0x54          84   
.text.SERCOM0_SPI_Initi      0xb6c           0x52          82   
.text.EVSYS_Initialize       0xbbe            0x2           2   
.text                        0xbc0           0x40          64  App's exec code 
.text.PM_Initialize          0xc00           0x3a          58   
.text.SYS_Initialize         0xc3a           0x3a          58   
.rodata.drvSPI0remapDat      0xc74           0x28          40   
.rodata.drvSPI0InitData      0xc9c           0x24          36   
.text.SERCOM0_SPI_IsTra      0xcc0           0x16          22   
.text.CLCD_Write             0xcd6           0x16          22   
.text.NVMCTRL_Initializ      0xcec           0x12          18   
.text.Dummy_Handler          0xcfe            0x2           2   
.rodata.drvSPI0Interrup      0xd00           0x10          16   
.rodata.drvSPI0PlibAPI       0xd10           0x10          16   
.text.main                   0xd20           0x10          16   
.text.SERCOM0_SPI_Callb      0xd30            0xe          14   
.text.SERCOM0_SPI_Write      0xd3e            0xc          12   
.text.NonMaskableInt_Ha      0xd4a            0x2           2   
.rodata.drvSPI0remapClo      0xd4c            0x8           8   
.rodata.drvSPI0remapClo      0xd54            0x8           8   
.text.__pic32c_data_ini      0xd5c            0x8           8   
.text.PORT_GroupSet          0xd64            0x4           4   
.text.PORT_GroupClear        0xd68            0x4           4   
.text.HardFault_Handler      0xd6c            0x2           2   
.text.Dummy_App_Func         0xd6e            0x2           2   
.text.__dummy                0xd70            0x2           2   
      Total ROM used  :       0xd72        3442  5.3% of 0x10000
        --------------------------------------------------------------------------
         Total Program Memory used  :       0xd72        3442  5.3% of 0x10000
        --------------------------------------------------------------------------


RAM Data-Memory Usage
section                    address  length [bytes]      (dec)  Description
-------                 ----------  -------------------------  -----------
.bss.gDrvSPIObj         0x20000000           0x54          84   
.bss                    0x20000054           0x50          80  Uninitialized data 
.bss.drvSPI0TransferObj 0x200000a4           0x48          72   
.bss.sercom0SPIObj      0x200000ec           0x2c          44   
.bss.drvSPI0ClientObjPo 0x20000118           0x28          40   
.bss                    0x20000140           0x24          36  Uninitialized data 
.bss.isLastByteTransfer 0x20000164            0x1           1   
         Total RAM used  :       0x165         357  2.2% of 0x4000
        --------------------------------------------------------------------------
            Total Data Memory used  :       0x165         357  2.2% of 0x4000
        --------------------------------------------------------------------------


Dynamic Data-Memory Reservation
section                    address  length [bytes]      (dec)  Description
-------                 ----------  -------------------------  -----------
heap                    0x20000168          0x200         512  Reserved for heap 
stack                   0x20000380         0x3c70       15472  Reserved for stack 

        --------------------------------------------------------------------------

Discarded input sections

 .text          0x00000000        0x0 c:/program files/microchip/xc32/v4.21/bin/bin/../../lib/gcc/pic32c/8.3.1/thumb/v8-m.base/nofp/crti.o
 .data          0x00000000        0x0 c:/program files/microchip/xc32/v4.21/bin/bin/../../lib/gcc/pic32c/8.3.1/thumb/v8-m.base/nofp/crti.o
 .bss           0x00000000        0x0 c:/program files/microchip/xc32/v4.21/bin/bin/../../lib/gcc/pic32c/8.3.1/thumb/v8-m.base/nofp/crti.o
 .xc_stack_usage.hdr
                0x00000000        0xe c:/program files/microchip/xc32/v4.21/bin/bin/../../lib/gcc/pic32c/8.3.1/thumb/v8-m.base/nofp/crti.o
 .xc_stack_usage
                0x00000000       0x26 c:/program files/microchip/xc32/v4.21/bin/bin/../../lib/gcc/pic32c/8.3.1/thumb/v8-m.base/nofp/crti.o
 .data          0x00000000        0x4 c:/program files/microchip/xc32/v4.21/bin/bin/../../lib/gcc/pic32c/8.3.1/thumb/v8-m.base/nofp/crtbegin.o
 .xc_stack_usage
                0x00000000       0x3c c:/program files/microchip/xc32/v4.21/bin/bin/../../lib/gcc/pic32c/8.3.1/thumb/v8-m.base/nofp/crtbegin.o
 .xc_stack_usage.hdr
                0x00000000        0xe c:/program files/microchip/xc32/v4.21/bin/bin/../../lib/gcc/pic32c/8.3.1/thumb/v8-m.base/nofp/crtbegin.o
 .text          0x00000000        0x0 build/sam_l10_xpro/production/_ext/946756339/drv_spi.o
 .data          0x00000000        0x0 build/sam_l10_xpro/production/_ext/946756339/drv_spi.o
 .bss           0x00000000        0x0 build/sam_l10_xpro/production/_ext/946756339/drv_spi.o
 .text._DRV_SPI_DriverHandleValidate
                0x00000000       0x54 build/sam_l10_xpro/production/_ext/946756339/drv_spi.o
 .text._DRV_SPI_ResourceLock
                0x00000000       0x7a build/sam_l10_xpro/production/_ext/946756339/drv_spi.o
 .text._DRV_SPI_ResourceUnlock
                0x00000000       0x6a build/sam_l10_xpro/production/_ext/946756339/drv_spi.o
 .text.DRV_SPI_Status
                0x00000000       0x14 build/sam_l10_xpro/production/_ext/946756339/drv_spi.o
 .text.DRV_SPI_Open
                0x00000000      0x150 build/sam_l10_xpro/production/_ext/946756339/drv_spi.o
 .text.DRV_SPI_Close
                0x00000000       0xe0 build/sam_l10_xpro/production/_ext/946756339/drv_spi.o
 .text.DRV_SPI_TransferEventHandlerSet
                0x00000000       0x36 build/sam_l10_xpro/production/_ext/946756339/drv_spi.o
 .text.DRV_SPI_TransferSetup
                0x00000000       0x94 build/sam_l10_xpro/production/_ext/946756339/drv_spi.o
 .text.DRV_SPI_WriteReadTransferAdd
                0x00000000      0x1c6 build/sam_l10_xpro/production/_ext/946756339/drv_spi.o
 .text.DRV_SPI_WriteTransferAdd
                0x00000000       0x12 build/sam_l10_xpro/production/_ext/946756339/drv_spi.o
 .text.DRV_SPI_ReadTransferAdd
                0x00000000       0x16 build/sam_l10_xpro/production/_ext/946756339/drv_spi.o
 .text.DRV_SPI_TransferStatusGet
                0x00000000       0x48 build/sam_l10_xpro/production/_ext/946756339/drv_spi.o
 .text.DRV_SPI_Lock
                0x00000000       0xcc build/sam_l10_xpro/production/_ext/946756339/drv_spi.o
 .text          0x00000000        0x0 build/sam_l10_xpro/production/_ext/14877202/plib_clock.o
 .data          0x00000000        0x0 build/sam_l10_xpro/production/_ext/14877202/plib_clock.o
 .bss           0x00000000        0x0 build/sam_l10_xpro/production/_ext/14877202/plib_clock.o
 .text          0x00000000        0x0 build/sam_l10_xpro/production/_ext/12727716/plib_evsys.o
 .data          0x00000000        0x0 build/sam_l10_xpro/production/_ext/12727716/plib_evsys.o
 .bss           0x00000000        0x0 build/sam_l10_xpro/production/_ext/12727716/plib_evsys.o
 .text          0x00000000        0x0 build/sam_l10_xpro/production/_ext/1939805438/plib_nvic.o
 .data          0x00000000        0x0 build/sam_l10_xpro/production/_ext/1939805438/plib_nvic.o
 .bss           0x00000000        0x0 build/sam_l10_xpro/production/_ext/1939805438/plib_nvic.o
 .text.NVIC_INT_Enable
                0x00000000        0x8 build/sam_l10_xpro/production/_ext/1939805438/plib_nvic.o
 .text.NVIC_INT_Disable
                0x00000000       0x12 build/sam_l10_xpro/production/_ext/1939805438/plib_nvic.o
 .text.NVIC_INT_Restore
                0x00000000       0x12 build/sam_l10_xpro/production/_ext/1939805438/plib_nvic.o
 .text          0x00000000        0x0 build/sam_l10_xpro/production/_ext/44973424/plib_nvmctrl.o
 .data          0x00000000        0x0 build/sam_l10_xpro/production/_ext/44973424/plib_nvmctrl.o
 .bss           0x00000000        0x0 build/sam_l10_xpro/production/_ext/44973424/plib_nvmctrl.o
 .text.NVMCTRL_CacheInvalidate
                0x00000000       0x14 build/sam_l10_xpro/production/_ext/44973424/plib_nvmctrl.o
 .text.NVMCTRL_Read
                0x00000000       0x10 build/sam_l10_xpro/production/_ext/44973424/plib_nvmctrl.o
 .text.NVMCTRL_PageWrite
                0x00000000       0x4c build/sam_l10_xpro/production/_ext/44973424/plib_nvmctrl.o
 .text.NVMCTRL_RowErase
                0x00000000       0x38 build/sam_l10_xpro/production/_ext/44973424/plib_nvmctrl.o
 .text.NVMCTRL_PageBufferWrite
                0x00000000       0x42 build/sam_l10_xpro/production/_ext/44973424/plib_nvmctrl.o
 .text.NVMCTRL_PageBufferCommit
                0x00000000       0x1c build/sam_l10_xpro/production/_ext/44973424/plib_nvmctrl.o
 .text.NVMCTRL_USER_ROW_PageWrite
                0x00000000       0x1e build/sam_l10_xpro/production/_ext/44973424/plib_nvmctrl.o
 .text.NVMCTRL_USER_ROW_RowErase
                0x00000000       0x22 build/sam_l10_xpro/production/_ext/44973424/plib_nvmctrl.o
 .text.NVMCTRL_BOCOR_ROW_PageWrite
                0x00000000       0x1e build/sam_l10_xpro/production/_ext/44973424/plib_nvmctrl.o
 .text.NVMCTRL_BOCOR_ROW_RowErase
                0x00000000       0x22 build/sam_l10_xpro/production/_ext/44973424/plib_nvmctrl.o
 .text.NVMCTRL_ErrorGet
                0x00000000       0x28 build/sam_l10_xpro/production/_ext/44973424/plib_nvmctrl.o
 .text.NVMCTRL_IsBusy
                0x00000000       0x16 build/sam_l10_xpro/production/_ext/44973424/plib_nvmctrl.o
 .text.NVMCTRL_RegionLock
                0x00000000       0x16 build/sam_l10_xpro/production/_ext/44973424/plib_nvmctrl.o
 .text.NVMCTRL_RegionUnlock
                0x00000000       0x16 build/sam_l10_xpro/production/_ext/44973424/plib_nvmctrl.o
 .text.NVMCTRL_SecureRegionLock
                0x00000000       0x16 build/sam_l10_xpro/production/_ext/44973424/plib_nvmctrl.o
 .text.NVMCTRL_SecureRegionUnlock
                0x00000000       0x16 build/sam_l10_xpro/production/_ext/44973424/plib_nvmctrl.o
 .text          0x00000000        0x0 build/sam_l10_xpro/production/_ext/592394269/plib_pm.o
 .data          0x00000000        0x0 build/sam_l10_xpro/production/_ext/592394269/plib_pm.o
 .bss           0x00000000        0x0 build/sam_l10_xpro/production/_ext/592394269/plib_pm.o
 .text.PM_IdleModeEnter
                0x00000000       0x1e build/sam_l10_xpro/production/_ext/592394269/plib_pm.o
 .text.PM_StandbyModeEnter
                0x00000000       0x1e build/sam_l10_xpro/production/_ext/592394269/plib_pm.o
 .text.PM_OffModeEnter
                0x00000000       0x20 build/sam_l10_xpro/production/_ext/592394269/plib_pm.o
 .text.PM_ConfigurePerformanceLevel
                0x00000000       0x50 build/sam_l10_xpro/production/_ext/592394269/plib_pm.o
 .text          0x00000000        0x0 build/sam_l10_xpro/production/_ext/1939752287/plib_port.o
 .data          0x00000000        0x0 build/sam_l10_xpro/production/_ext/1939752287/plib_port.o
 .bss           0x00000000        0x0 build/sam_l10_xpro/production/_ext/1939752287/plib_port.o
 .text.PORT_GroupRead
                0x00000000        0x4 build/sam_l10_xpro/production/_ext/1939752287/plib_port.o
 .text.PORT_GroupWrite
                0x00000000        0xc build/sam_l10_xpro/production/_ext/1939752287/plib_port.o
 .text.PORT_GroupLatchRead
                0x00000000        0x4 build/sam_l10_xpro/production/_ext/1939752287/plib_port.o
 .text.PORT_GroupToggle
                0x00000000        0x4 build/sam_l10_xpro/production/_ext/1939752287/plib_port.o
 .text.PORT_GroupInputEnable
                0x00000000        0x4 build/sam_l10_xpro/production/_ext/1939752287/plib_port.o
 .text.PORT_GroupOutputEnable
                0x00000000        0x4 build/sam_l10_xpro/production/_ext/1939752287/plib_port.o
 .text.PORT_PinPeripheralFunctionConfig
                0x00000000       0x48 build/sam_l10_xpro/production/_ext/1939752287/plib_port.o
 .text.PORT_PinGPIOConfig
                0x00000000       0x20 build/sam_l10_xpro/production/_ext/1939752287/plib_port.o
 .text          0x00000000        0x0 build/sam_l10_xpro/production/_ext/1266670563/plib_sercom0_spi_master.o
 .data          0x00000000        0x0 build/sam_l10_xpro/production/_ext/1266670563/plib_sercom0_spi_master.o
 .bss           0x00000000        0x0 build/sam_l10_xpro/production/_ext/1266670563/plib_sercom0_spi_master.o
 .text.SERCOM0_SPI_IsBusy
                0x00000000       0x32 build/sam_l10_xpro/production/_ext/1266670563/plib_sercom0_spi_master.o
 .text.SERCOM0_SPI_Read
                0x00000000       0x10 build/sam_l10_xpro/production/_ext/1266670563/plib_sercom0_spi_master.o
 .text          0x00000000        0x0 build/sam_l10_xpro/production/_ext/1911983158/xc32_monitor.o
 .data          0x00000000        0x0 build/sam_l10_xpro/production/_ext/1911983158/xc32_monitor.o
 .bss           0x00000000        0x0 build/sam_l10_xpro/production/_ext/1911983158/xc32_monitor.o
 .text.read     0x00000000        0x6 build/sam_l10_xpro/production/_ext/1911983158/xc32_monitor.o
 .text.write    0x00000000        0x6 build/sam_l10_xpro/production/_ext/1911983158/xc32_monitor.o
 .debug_info    0x00000000      0x2fc build/sam_l10_xpro/production/_ext/1911983158/xc32_monitor.o
 .debug_abbrev  0x00000000       0x96 build/sam_l10_xpro/production/_ext/1911983158/xc32_monitor.o
 .debug_loc     0x00000000       0x4a build/sam_l10_xpro/production/_ext/1911983158/xc32_monitor.o
 .debug_aranges
                0x00000000       0x28 build/sam_l10_xpro/production/_ext/1911983158/xc32_monitor.o
 .debug_ranges  0x00000000       0x18 build/sam_l10_xpro/production/_ext/1911983158/xc32_monitor.o
 .debug_line    0x00000000       0xd3 build/sam_l10_xpro/production/_ext/1911983158/xc32_monitor.o
 .debug_str     0x00000000        0x0 build/sam_l10_xpro/production/_ext/1911983158/xc32_monitor.o
 .comment       0x00000000       0x2c build/sam_l10_xpro/production/_ext/1911983158/xc32_monitor.o
 .debug_frame   0x00000000       0x30 build/sam_l10_xpro/production/_ext/1911983158/xc32_monitor.o
 .ARM.attributes
                0x00000000       0x30 build/sam_l10_xpro/production/_ext/1911983158/xc32_monitor.o
 .text          0x00000000        0x0 build/sam_l10_xpro/production/_ext/13305212/initialization.o
 .data          0x00000000        0x0 build/sam_l10_xpro/production/_ext/13305212/initialization.o
 .bss           0x00000000        0x0 build/sam_l10_xpro/production/_ext/13305212/initialization.o
 .text          0x00000000        0x0 build/sam_l10_xpro/production/_ext/13305212/interrupts.o
 .data          0x00000000        0x0 build/sam_l10_xpro/production/_ext/13305212/interrupts.o
 .bss           0x00000000        0x0 build/sam_l10_xpro/production/_ext/13305212/interrupts.o
 .text          0x00000000        0x0 build/sam_l10_xpro/production/_ext/13305212/exceptions.o
 .data          0x00000000        0x0 build/sam_l10_xpro/production/_ext/13305212/exceptions.o
 .bss           0x00000000        0x0 build/sam_l10_xpro/production/_ext/13305212/exceptions.o
 .text          0x00000000        0x0 build/sam_l10_xpro/production/_ext/13305212/startup_xc32.o
 .data          0x00000000        0x0 build/sam_l10_xpro/production/_ext/13305212/startup_xc32.o
 .bss           0x00000000        0x0 build/sam_l10_xpro/production/_ext/13305212/startup_xc32.o
 .text          0x00000000        0x0 build/sam_l10_xpro/production/_ext/13305212/libc_syscalls.o
 .data          0x00000000        0x0 build/sam_l10_xpro/production/_ext/13305212/libc_syscalls.o
 .bss           0x00000000        0x0 build/sam_l10_xpro/production/_ext/13305212/libc_syscalls.o
 .text._exit    0x00000000        0x2 build/sam_l10_xpro/production/_ext/13305212/libc_syscalls.o
 .debug_info    0x00000000      0x2e3 build/sam_l10_xpro/production/_ext/13305212/libc_syscalls.o
 .debug_abbrev  0x00000000       0x52 build/sam_l10_xpro/production/_ext/13305212/libc_syscalls.o
 .debug_loc     0x00000000       0x15 build/sam_l10_xpro/production/_ext/13305212/libc_syscalls.o
 .debug_aranges
                0x00000000       0x20 build/sam_l10_xpro/production/_ext/13305212/libc_syscalls.o
 .debug_ranges  0x00000000       0x10 build/sam_l10_xpro/production/_ext/13305212/libc_syscalls.o
 .debug_line    0x00000000       0x60 build/sam_l10_xpro/production/_ext/13305212/libc_syscalls.o
 .debug_str     0x00000000        0x0 build/sam_l10_xpro/production/_ext/13305212/libc_syscalls.o
 .comment       0x00000000       0x2c build/sam_l10_xpro/production/_ext/13305212/libc_syscalls.o
 .debug_frame   0x00000000       0x20 build/sam_l10_xpro/production/_ext/13305212/libc_syscalls.o
 .ARM.attributes
                0x00000000       0x30 build/sam_l10_xpro/production/_ext/13305212/libc_syscalls.o
 .text          0x00000000        0x0 build/sam_l10_xpro/production/_ext/1360937237/main.o
 .data          0x00000000        0x0 build/sam_l10_xpro/production/_ext/1360937237/main.o
 .bss           0x00000000        0x0 build/sam_l10_xpro/production/_ext/1360937237/main.o
 .bss.isTransferDone
                0x00000000        0x1 build/sam_l10_xpro/production/_ext/1360937237/main.o
 .bss.state     0x00000000        0x1 build/sam_l10_xpro/production/_ext/1360937237/main.o
 .text          0x00000000        0x0 c:/program files/microchip/xc32/v4.21/bin/bin/../../lib/gcc/pic32c/8.3.1/../../../../pic32c/lib/thumb/v8-m.base/nofp\libpic32c.a(data_init_wrapper.o)
 .data          0x00000000        0x0 c:/program files/microchip/xc32/v4.21/bin/bin/../../lib/gcc/pic32c/8.3.1/../../../../pic32c/lib/thumb/v8-m.base/nofp\libpic32c.a(data_init_wrapper.o)
 .bss           0x00000000        0x0 c:/program files/microchip/xc32/v4.21/bin/bin/../../lib/gcc/pic32c/8.3.1/../../../../pic32c/lib/thumb/v8-m.base/nofp\libpic32c.a(data_init_wrapper.o)
 .xc_stack_usage
                0x00000000       0x2a c:/program files/microchip/xc32/v4.21/bin/bin/../../lib/gcc/pic32c/8.3.1/../../../../pic32c/lib/thumb/v8-m.base/nofp\libpic32c.a(data_init_wrapper.o)
 .xc_stack_usage.hdr
                0x00000000        0xe c:/program files/microchip/xc32/v4.21/bin/bin/../../lib/gcc/pic32c/8.3.1/../../../../pic32c/lib/thumb/v8-m.base/nofp\libpic32c.a(data_init_wrapper.o)
 .text          0x00000000        0x0 c:/program files/microchip/xc32/v4.21/bin/bin/../../lib/gcc/pic32c/8.3.1/../../../../pic32c/lib/thumb/v8-m.base/nofp\libpic32c.a(data_init_0_1.o)
 .data          0x00000000        0x0 c:/program files/microchip/xc32/v4.21/bin/bin/../../lib/gcc/pic32c/8.3.1/../../../../pic32c/lib/thumb/v8-m.base/nofp\libpic32c.a(data_init_0_1.o)
 .xc_stack_usage
                0x00000000       0x2f c:/program files/microchip/xc32/v4.21/bin/bin/../../lib/gcc/pic32c/8.3.1/../../../../pic32c/lib/thumb/v8-m.base/nofp\libpic32c.a(data_init_0_1.o)
 .xc_stack_usage.hdr
                0x00000000        0xe c:/program files/microchip/xc32/v4.21/bin/bin/../../lib/gcc/pic32c/8.3.1/../../../../pic32c/lib/thumb/v8-m.base/nofp\libpic32c.a(data_init_0_1.o)
 .text          0x00000000        0x0 c:/program files/microchip/xc32/v4.21/bin/bin/../../lib/gcc/pic32c/8.3.1/../../../../pic32c/lib/thumb/v8-m.base/nofp\libc-musl.a(__libc_start_main.o)
 .data          0x00000000        0x0 c:/program files/microchip/xc32/v4.21/bin/bin/../../lib/gcc/pic32c/8.3.1/../../../../pic32c/lib/thumb/v8-m.base/nofp\libc-musl.a(__libc_start_main.o)
 .bss           0x00000000        0x0 c:/program files/microchip/xc32/v4.21/bin/bin/../../lib/gcc/pic32c/8.3.1/../../../../pic32c/lib/thumb/v8-m.base/nofp\libc-musl.a(__libc_start_main.o)
 .xc_stack_usage
                0x00000000       0x34 c:/program files/microchip/xc32/v4.21/bin/bin/../../lib/gcc/pic32c/8.3.1/../../../../pic32c/lib/thumb/v8-m.base/nofp\libc-musl.a(__libc_start_main.o)
 .xc_stack_usage.hdr
                0x00000000        0xe c:/program files/microchip/xc32/v4.21/bin/bin/../../lib/gcc/pic32c/8.3.1/../../../../pic32c/lib/thumb/v8-m.base/nofp\libc-musl.a(__libc_start_main.o)
 .text          0x00000000        0x0 c:/program files/microchip/xc32/v4.21/bin/bin/../../lib/gcc/pic32c/8.3.1/../../../../pic32c/lib/thumb/v8-m.base/nofp\libc-musl.a(libc.o)
 .data          0x00000000        0x0 c:/program files/microchip/xc32/v4.21/bin/bin/../../lib/gcc/pic32c/8.3.1/../../../../pic32c/lib/thumb/v8-m.base/nofp\libc-musl.a(libc.o)
 .xc_stack_usage.hdr
                0x00000000        0xe c:/program files/microchip/xc32/v4.21/bin/bin/../../lib/gcc/pic32c/8.3.1/../../../../pic32c/lib/thumb/v8-m.base/nofp\libc-musl.a(libc.o)
 .text          0x00000000        0x0 c:/program files/microchip/xc32/v4.21/bin/bin/../../lib/gcc/pic32c/8.3.1/../../../../pic32c/lib/thumb/v8-m.base/nofp\libc-musl.a(memcpy.o)
 .data          0x00000000        0x0 c:/program files/microchip/xc32/v4.21/bin/bin/../../lib/gcc/pic32c/8.3.1/../../../../pic32c/lib/thumb/v8-m.base/nofp\libc-musl.a(memcpy.o)
 .bss           0x00000000        0x0 c:/program files/microchip/xc32/v4.21/bin/bin/../../lib/gcc/pic32c/8.3.1/../../../../pic32c/lib/thumb/v8-m.base/nofp\libc-musl.a(memcpy.o)
 .xc_stack_usage
                0x00000000       0x14 c:/program files/microchip/xc32/v4.21/bin/bin/../../lib/gcc/pic32c/8.3.1/../../../../pic32c/lib/thumb/v8-m.base/nofp\libc-musl.a(memcpy.o)
 .text.memcpy   0x00000000       0x12 c:/program files/microchip/xc32/v4.21/bin/bin/../../lib/gcc/pic32c/8.3.1/../../../../pic32c/lib/thumb/v8-m.base/nofp\libc-musl.a(memcpy.o)
 .xc_stack_usage.hdr
                0x00000000        0xe c:/program files/microchip/xc32/v4.21/bin/bin/../../lib/gcc/pic32c/8.3.1/../../../../pic32c/lib/thumb/v8-m.base/nofp\libc-musl.a(memcpy.o)
 .debug_info    0x00000000      0x2f2 c:/program files/microchip/xc32/v4.21/bin/bin/../../lib/gcc/pic32c/8.3.1/../../../../pic32c/lib/thumb/v8-m.base/nofp\libc-musl.a(memcpy.o)
 .debug_abbrev  0x00000000       0x9c c:/program files/microchip/xc32/v4.21/bin/bin/../../lib/gcc/pic32c/8.3.1/../../../../pic32c/lib/thumb/v8-m.base/nofp\libc-musl.a(memcpy.o)
 .debug_loc     0x00000000      0x109 c:/program files/microchip/xc32/v4.21/bin/bin/../../lib/gcc/pic32c/8.3.1/../../../../pic32c/lib/thumb/v8-m.base/nofp\libc-musl.a(memcpy.o)
 .debug_aranges
                0x00000000       0x20 c:/program files/microchip/xc32/v4.21/bin/bin/../../lib/gcc/pic32c/8.3.1/../../../../pic32c/lib/thumb/v8-m.base/nofp\libc-musl.a(memcpy.o)
 .debug_ranges  0x00000000       0x10 c:/program files/microchip/xc32/v4.21/bin/bin/../../lib/gcc/pic32c/8.3.1/../../../../pic32c/lib/thumb/v8-m.base/nofp\libc-musl.a(memcpy.o)
 .debug_line    0x00000000       0xf4 c:/program files/microchip/xc32/v4.21/bin/bin/../../lib/gcc/pic32c/8.3.1/../../../../pic32c/lib/thumb/v8-m.base/nofp\libc-musl.a(memcpy.o)
 .debug_str     0x00000000        0x0 c:/program files/microchip/xc32/v4.21/bin/bin/../../lib/gcc/pic32c/8.3.1/../../../../pic32c/lib/thumb/v8-m.base/nofp\libc-musl.a(memcpy.o)
 .comment       0x00000000       0x2c c:/program files/microchip/xc32/v4.21/bin/bin/../../lib/gcc/pic32c/8.3.1/../../../../pic32c/lib/thumb/v8-m.base/nofp\libc-musl.a(memcpy.o)
 .note.GNU-stack
                0x00000000        0x0 c:/program files/microchip/xc32/v4.21/bin/bin/../../lib/gcc/pic32c/8.3.1/../../../../pic32c/lib/thumb/v8-m.base/nofp\libc-musl.a(memcpy.o)
 .debug_frame   0x00000000       0x28 c:/program files/microchip/xc32/v4.21/bin/bin/../../lib/gcc/pic32c/8.3.1/../../../../pic32c/lib/thumb/v8-m.base/nofp\libc-musl.a(memcpy.o)
 .ARM.attributes
                0x00000000       0x32 c:/program files/microchip/xc32/v4.21/bin/bin/../../lib/gcc/pic32c/8.3.1/../../../../pic32c/lib/thumb/v8-m.base/nofp\libc-musl.a(memcpy.o)
 .text          0x00000000        0x0 c:/program files/microchip/xc32/v4.21/bin/bin/../../lib/gcc/pic32c/8.3.1/../../../../pic32c/lib/thumb/v8-m.base/nofp\libc-musl.a(__environ.o)
 .data          0x00000000        0x0 c:/program files/microchip/xc32/v4.21/bin/bin/../../lib/gcc/pic32c/8.3.1/../../../../pic32c/lib/thumb/v8-m.base/nofp\libc-musl.a(__environ.o)
 .xc_stack_usage.hdr
                0x00000000        0xe c:/program files/microchip/xc32/v4.21/bin/bin/../../lib/gcc/pic32c/8.3.1/../../../../pic32c/lib/thumb/v8-m.base/nofp\libc-musl.a(__environ.o)
 .text          0x00000000        0x0 c:/program files/microchip/xc32/v4.21/bin/bin/../../lib/gcc/pic32c/8.3.1/thumb/v8-m.base/nofp/crtend.o
 .data          0x00000000        0x0 c:/program files/microchip/xc32/v4.21/bin/bin/../../lib/gcc/pic32c/8.3.1/thumb/v8-m.base/nofp/crtend.o
 .bss           0x00000000        0x0 c:/program files/microchip/xc32/v4.21/bin/bin/../../lib/gcc/pic32c/8.3.1/thumb/v8-m.base/nofp/crtend.o
 .eh_frame      0x00000000        0x4 c:/program files/microchip/xc32/v4.21/bin/bin/../../lib/gcc/pic32c/8.3.1/thumb/v8-m.base/nofp/crtend.o
 .xc_stack_usage.hdr
                0x00000000        0xe c:/program files/microchip/xc32/v4.21/bin/bin/../../lib/gcc/pic32c/8.3.1/thumb/v8-m.base/nofp/crtend.o
 .comment       0x00000000       0x2c c:/program files/microchip/xc32/v4.21/bin/bin/../../lib/gcc/pic32c/8.3.1/thumb/v8-m.base/nofp/crtend.o
 .ARM.attributes
                0x00000000       0x30 c:/program files/microchip/xc32/v4.21/bin/bin/../../lib/gcc/pic32c/8.3.1/thumb/v8-m.base/nofp/crtend.o
 .text          0x00000000        0x0 c:/program files/microchip/xc32/v4.21/bin/bin/../../lib/gcc/pic32c/8.3.1/thumb/v8-m.base/nofp/crtn.o
 .data          0x00000000        0x0 c:/program files/microchip/xc32/v4.21/bin/bin/../../lib/gcc/pic32c/8.3.1/thumb/v8-m.base/nofp/crtn.o
 .bss           0x00000000        0x0 c:/program files/microchip/xc32/v4.21/bin/bin/../../lib/gcc/pic32c/8.3.1/thumb/v8-m.base/nofp/crtn.o
 .xc_stack_usage.hdr
                0x00000000        0xe c:/program files/microchip/xc32/v4.21/bin/bin/../../lib/gcc/pic32c/8.3.1/thumb/v8-m.base/nofp/crtn.o

Memory Configuration

Name             Origin             Length             Attributes
rom              0x00000000         0x00010000         xrl
ram              0x20000000         0x00004000         xw !r
config_00804000  0x00804000         0x00000004
config_0080C040  0x0080c040         0x00000004
config_0080C004  0x0080c004         0x00000004
config_0080C048  0x0080c048         0x00000004
config_0080C04C  0x0080c04c         0x00000004
config_0080C044  0x0080c044         0x00000004
config_00804004  0x00804004         0x00000004
*default*        0x00000000         0xffffffff

Linker script and memory map

LOAD c:/program files/microchip/xc32/v4.21/bin/bin/../../lib/gcc/pic32c/8.3.1/thumb/v8-m.base/nofp/crti.o
LOAD c:/program files/microchip/xc32/v4.21/bin/bin/../../lib/gcc/pic32c/8.3.1/thumb/v8-m.base/nofp/crtbegin.o
LOAD build/sam_l10_xpro/production/_ext/946756339/drv_spi.o
LOAD build/sam_l10_xpro/production/_ext/14877202/plib_clock.o
LOAD build/sam_l10_xpro/production/_ext/12727716/plib_evsys.o
LOAD build/sam_l10_xpro/production/_ext/1939805438/plib_nvic.o
LOAD build/sam_l10_xpro/production/_ext/44973424/plib_nvmctrl.o
LOAD build/sam_l10_xpro/production/_ext/592394269/plib_pm.o
LOAD build/sam_l10_xpro/production/_ext/1939752287/plib_port.o
LOAD build/sam_l10_xpro/production/_ext/1266670563/plib_sercom0_spi_master.o
LOAD build/sam_l10_xpro/production/_ext/1911983158/xc32_monitor.o
LOAD build/sam_l10_xpro/production/_ext/13305212/initialization.o
LOAD build/sam_l10_xpro/production/_ext/13305212/interrupts.o
LOAD build/sam_l10_xpro/production/_ext/13305212/exceptions.o
LOAD build/sam_l10_xpro/production/_ext/13305212/startup_xc32.o
LOAD build/sam_l10_xpro/production/_ext/13305212/libc_syscalls.o
LOAD build/sam_l10_xpro/production/_ext/1360937237/main.o
                0x00000001                __MPLAB_BUILD = 0x1
                0x00010000                __rom_end = (ORIGIN (rom) + LENGTH (rom))
                0x20004000                __ram_end = (ORIGIN (ram) + LENGTH (ram))

.config_00804000
 *(.config_00804000)

.config_0080C040
 *(.config_0080C040)

.config_0080C004
 *(.config_0080C004)

.config_0080C048
 *(.config_0080C048)

.config_0080C04C
 *(.config_0080C04C)

.config_0080C044
 *(.config_0080C044)

.config_00804004
 *(.config_00804004)

.vectors        0x00000000       0xf4
                0x00000000                . = ALIGN (0x4)
                0x00000000                _sfixed = .
 *(.vectors .vectors.* .vectors_default .vectors_default.*)
 .vectors.exception_table
                0x00000000       0xf4 build/sam_l10_xpro/production/_ext/13305212/interrupts.o
                0x00000000                exception_table
 *(.isr_vector)
 *(.reset*)
 *(.after_vectors)

.text           0x000000f4       0x20
                0x000000f4                . = ALIGN (0x4)
 *(.glue_7t)
 .glue_7t       0x000000f4        0x0 linker stubs
 *(.glue_7)
 .glue_7        0x000000f4        0x0 linker stubs
 *(.gnu.linkonce.r.*)
 *(.ARM.extab* .gnu.linkonce.armextab.*)
                0x000000f4                . = ALIGN (0x4)
 *(.init)
 .init          0x000000f4        0x4 c:/program files/microchip/xc32/v4.21/bin/bin/../../lib/gcc/pic32c/8.3.1/thumb/v8-m.base/nofp/crti.o
                0x000000f4                _init
 .init          0x000000f8        0x8 c:/program files/microchip/xc32/v4.21/bin/bin/../../lib/gcc/pic32c/8.3.1/thumb/v8-m.base/nofp/crtn.o
                0x00000100                . = ALIGN (0x4)
                0x00000100                __preinit_array_start = .
 *(.preinit_array)
                0x00000100                __preinit_array_end = .
                0x00000100                . = ALIGN (0x4)
                0x00000100                __init_array_start = .
 *(SORT_BY_NAME(.init_array.*))
 *(.init_array)
 .init_array    0x00000100        0x4 c:/program files/microchip/xc32/v4.21/bin/bin/../../lib/gcc/pic32c/8.3.1/thumb/v8-m.base/nofp/crtbegin.o
                0x00000104                __init_array_end = .
                0x00000104                . = ALIGN (0x4)
 *crtbegin.o(.ctors)
 *(EXCLUDE_FILE(*crtend.o) .ctors)
 *(SORT_BY_NAME(.ctors.*))
 *crtend.o(.ctors)
                0x00000104                . = ALIGN (0x4)
 *(.fini)
 .fini          0x00000104        0x4 c:/program files/microchip/xc32/v4.21/bin/bin/../../lib/gcc/pic32c/8.3.1/thumb/v8-m.base/nofp/crti.o
                0x00000104                _fini
 .fini          0x00000108        0x8 c:/program files/microchip/xc32/v4.21/bin/bin/../../lib/gcc/pic32c/8.3.1/thumb/v8-m.base/nofp/crtn.o
                0x00000110                . = ALIGN (0x4)
                0x00000110                __fini_array_start = .
 *(.fini_array)
 .fini_array    0x00000110        0x4 c:/program files/microchip/xc32/v4.21/bin/bin/../../lib/gcc/pic32c/8.3.1/thumb/v8-m.base/nofp/crtbegin.o
 *(SORT_BY_NAME(.fini_array.*))
                0x00000114                __fini_array_end = .
 *crtbegin.o(.dtors)
 *(EXCLUDE_FILE(*crtend.o) .dtors)
 *(SORT_BY_NAME(.dtors.*))
 *crtend.o(.dtors)
                0x00000114                . = ALIGN (0x4)
                0x00000114                _efixed = .
                [!provide]                PROVIDE (__exidx_start = .)

.ARM.exidx
 *(.ARM.exidx* .gnu.linkonce.armexidx.*)
                [!provide]                PROVIDE (__exidx_end = .)
                0x00000114                . = ALIGN (0x4)
                0x00000114                _etext = .

.bss            0x20000000        0x0
                0x20000000                . = ALIGN (0x4)
                0x20000000                __bss_start__ = .
                0x20000000                _sbss = .
                0x20000000                _szero = .
 *(COMMON)
                0x20000000                . = ALIGN (0x4)
                0x20000000                __bss_end__ = .
                0x20000000                _ebss = .
                0x20000000                _ezero = .
                0x20000000                . = ALIGN (0x4)
                0x20000000                _end = .
                0x20003fff                _ram_end_ = ((ORIGIN (ram) + LENGTH (ram)) - 0x1)
                0x00000200                _min_heap_size = 0x200
START GROUP
LOAD c:/program files/microchip/xc32/v4.21/bin/bin/../../lib/gcc/pic32c/8.3.1/../../../../pic32c/lib/thumb/v8-m.base/nofp\libpic32c.a
LOAD c:/program files/microchip/xc32/v4.21/bin/bin/../../lib/gcc/pic32c/8.3.1/../../../../pic32c/lib/thumb/v8-m.base/nofp\libm-emfloat.a
LOAD c:/program files/microchip/xc32/v4.21/bin/bin/../../lib/gcc/pic32c/8.3.1/../../../../pic32c/lib/thumb/v8-m.base/nofp\libc-musl.a
LOAD c:/program files/microchip/xc32/v4.21/bin/bin/../../lib/gcc/pic32c/8.3.1/../../../../pic32c/lib/thumb/v8-m.base/nofp\libm-emfloat.a
LOAD c:/program files/microchip/xc32/v4.21/bin/bin/../../lib/gcc/pic32c/8.3.1/thumb/v8-m.base/nofp\libgcc.a
END GROUP
LOAD c:/program files/microchip/xc32/v4.21/bin/bin/../../lib/gcc/pic32c/8.3.1/thumb/v8-m.base/nofp/crtend.o
LOAD c:/program files/microchip/xc32/v4.21/bin/bin/../../lib/gcc/pic32c/8.3.1/thumb/v8-m.base/nofp/crtn.o
OUTPUT(dist/sam_l10_xpro/production/sam_l10_xpro.X.production.elf elf32-littlearm)
LOAD stack
LOAD data_init

.ARM.attributes
                0x00000000       0x30
 .ARM.attributes
                0x00000000       0x22 c:/program files/microchip/xc32/v4.21/bin/bin/../../lib/gcc/pic32c/8.3.1/thumb/v8-m.base/nofp/crti.o
 .ARM.attributes
                0x00000022       0x30 c:/program files/microchip/xc32/v4.21/bin/bin/../../lib/gcc/pic32c/8.3.1/thumb/v8-m.base/nofp/crtbegin.o
 .ARM.attributes
                0x00000052       0x30 build/sam_l10_xpro/production/_ext/946756339/drv_spi.o
 .ARM.attributes
                0x00000082       0x30 build/sam_l10_xpro/production/_ext/14877202/plib_clock.o
 .ARM.attributes
                0x000000b2       0x30 build/sam_l10_xpro/production/_ext/12727716/plib_evsys.o
 .ARM.attributes
                0x000000e2       0x30 build/sam_l10_xpro/production/_ext/1939805438/plib_nvic.o
 .ARM.attributes
                0x00000112       0x30 build/sam_l10_xpro/production/_ext/44973424/plib_nvmctrl.o
 .ARM.attributes
                0x00000142       0x30 build/sam_l10_xpro/production/_ext/592394269/plib_pm.o
 .ARM.attributes
                0x00000172       0x30 build/sam_l10_xpro/production/_ext/1939752287/plib_port.o
 .ARM.attributes
                0x000001a2       0x30 build/sam_l10_xpro/production/_ext/1266670563/plib_sercom0_spi_master.o
 .ARM.attributes
                0x000001d2       0x30 build/sam_l10_xpro/production/_ext/13305212/initialization.o
 .ARM.attributes
                0x00000202       0x30 build/sam_l10_xpro/production/_ext/13305212/interrupts.o
 .ARM.attributes
                0x00000232       0x30 build/sam_l10_xpro/production/_ext/13305212/exceptions.o
 .ARM.attributes
                0x00000262       0x30 build/sam_l10_xpro/production/_ext/13305212/startup_xc32.o
 .ARM.attributes
                0x00000292       0x30 build/sam_l10_xpro/production/_ext/1360937237/main.o
 .ARM.attributes
                0x000002c2       0x30 c:/program files/microchip/xc32/v4.21/bin/bin/../../lib/gcc/pic32c/8.3.1/../../../../pic32c/lib/thumb/v8-m.base/nofp\libpic32c.a(data_init_wrapper.o)
 .ARM.attributes
                0x000002f2       0x30 c:/program files/microchip/xc32/v4.21/bin/bin/../../lib/gcc/pic32c/8.3.1/../../../../pic32c/lib/thumb/v8-m.base/nofp\libpic32c.a(data_init_0_1.o)
 .ARM.attributes
                0x00000322       0x32 c:/program files/microchip/xc32/v4.21/bin/bin/../../lib/gcc/pic32c/8.3.1/../../../../pic32c/lib/thumb/v8-m.base/nofp\libc-musl.a(__libc_start_main.o)
 .ARM.attributes
                0x00000354       0x32 c:/program files/microchip/xc32/v4.21/bin/bin/../../lib/gcc/pic32c/8.3.1/../../../../pic32c/lib/thumb/v8-m.base/nofp\libc-musl.a(libc.o)
 .ARM.attributes
                0x00000386       0x32 c:/program files/microchip/xc32/v4.21/bin/bin/../../lib/gcc/pic32c/8.3.1/../../../../pic32c/lib/thumb/v8-m.base/nofp\libc-musl.a(__environ.o)
 .ARM.attributes
                0x000003b8       0x22 c:/program files/microchip/xc32/v4.21/bin/bin/../../lib/gcc/pic32c/8.3.1/thumb/v8-m.base/nofp/crtn.o

.comment        0x00000000       0x2b
 .comment       0x00000000       0x2b c:/program files/microchip/xc32/v4.21/bin/bin/../../lib/gcc/pic32c/8.3.1/thumb/v8-m.base/nofp/crtbegin.o
                                 0x2c (size before relaxing)
 .comment       0x0000002b       0x2c build/sam_l10_xpro/production/_ext/946756339/drv_spi.o
 .comment       0x0000002b       0x2c build/sam_l10_xpro/production/_ext/14877202/plib_clock.o
 .comment       0x0000002b       0x2c build/sam_l10_xpro/production/_ext/12727716/plib_evsys.o
 .comment       0x0000002b       0x2c build/sam_l10_xpro/production/_ext/1939805438/plib_nvic.o
 .comment       0x0000002b       0x2c build/sam_l10_xpro/production/_ext/44973424/plib_nvmctrl.o
 .comment       0x0000002b       0x2c build/sam_l10_xpro/production/_ext/592394269/plib_pm.o
 .comment       0x0000002b       0x2c build/sam_l10_xpro/production/_ext/1939752287/plib_port.o
 .comment       0x0000002b       0x2c build/sam_l10_xpro/production/_ext/1266670563/plib_sercom0_spi_master.o
 .comment       0x0000002b       0x2c build/sam_l10_xpro/production/_ext/13305212/initialization.o
 .comment       0x0000002b       0x2c build/sam_l10_xpro/production/_ext/13305212/interrupts.o
 .comment       0x0000002b       0x2c build/sam_l10_xpro/production/_ext/13305212/exceptions.o
 .comment       0x0000002b       0x2c build/sam_l10_xpro/production/_ext/13305212/startup_xc32.o
 .comment       0x0000002b       0x2c build/sam_l10_xpro/production/_ext/1360937237/main.o
 .comment       0x0000002b       0x2c c:/program files/microchip/xc32/v4.21/bin/bin/../../lib/gcc/pic32c/8.3.1/../../../../pic32c/lib/thumb/v8-m.base/nofp\libpic32c.a(data_init_wrapper.o)
 .comment       0x0000002b       0x2c c:/program files/microchip/xc32/v4.21/bin/bin/../../lib/gcc/pic32c/8.3.1/../../../../pic32c/lib/thumb/v8-m.base/nofp\libpic32c.a(data_init_0_1.o)
 .comment       0x0000002b       0x2c c:/program files/microchip/xc32/v4.21/bin/bin/../../lib/gcc/pic32c/8.3.1/../../../../pic32c/lib/thumb/v8-m.base/nofp\libc-musl.a(__libc_start_main.o)
 .comment       0x0000002b       0x2c c:/program files/microchip/xc32/v4.21/bin/bin/../../lib/gcc/pic32c/8.3.1/../../../../pic32c/lib/thumb/v8-m.base/nofp\libc-musl.a(libc.o)
 .comment       0x0000002b       0x2c c:/program files/microchip/xc32/v4.21/bin/bin/../../lib/gcc/pic32c/8.3.1/../../../../pic32c/lib/thumb/v8-m.base/nofp\libc-musl.a(__environ.o)

.debug_info     0x00000000     0xc7c6
 .debug_info    0x00000000     0x3389 build/sam_l10_xpro/production/_ext/946756339/drv_spi.o
 .debug_info    0x00003389      0x9eb build/sam_l10_xpro/production/_ext/14877202/plib_clock.o
 .debug_info    0x00003d74      0x2f2 build/sam_l10_xpro/production/_ext/12727716/plib_evsys.o
 .debug_info    0x00004066      0xcc8 build/sam_l10_xpro/production/_ext/1939805438/plib_nvic.o
 .debug_info    0x00004d2e      0xd45 build/sam_l10_xpro/production/_ext/44973424/plib_nvmctrl.o
 .debug_info    0x00005a73      0x53d build/sam_l10_xpro/production/_ext/592394269/plib_pm.o
 .debug_info    0x00005fb0      0xc06 build/sam_l10_xpro/production/_ext/1939752287/plib_port.o
 .debug_info    0x00006bb6     0x1406 build/sam_l10_xpro/production/_ext/1266670563/plib_sercom0_spi_master.o
 .debug_info    0x00007fbc     0x1be8 build/sam_l10_xpro/production/_ext/13305212/initialization.o
 .debug_info    0x00009ba4      0xba0 build/sam_l10_xpro/production/_ext/13305212/interrupts.o
 .debug_info    0x0000a744      0x316 build/sam_l10_xpro/production/_ext/13305212/exceptions.o
 .debug_info    0x0000aa5a      0x478 build/sam_l10_xpro/production/_ext/13305212/startup_xc32.o
 .debug_info    0x0000aed2      0x59f build/sam_l10_xpro/production/_ext/1360937237/main.o
 .debug_info    0x0000b471      0x2a5 c:/program files/microchip/xc32/v4.21/bin/bin/../../lib/gcc/pic32c/8.3.1/../../../../pic32c/lib/thumb/v8-m.base/nofp\libpic32c.a(data_init_wrapper.o)
 .debug_info    0x0000b716      0x2a6 c:/program files/microchip/xc32/v4.21/bin/bin/../../lib/gcc/pic32c/8.3.1/../../../../pic32c/lib/thumb/v8-m.base/nofp\libpic32c.a(data_init_0_1.o)
 .debug_info    0x0000b9bc      0x624 c:/program files/microchip/xc32/v4.21/bin/bin/../../lib/gcc/pic32c/8.3.1/../../../../pic32c/lib/thumb/v8-m.base/nofp\libc-musl.a(__libc_start_main.o)
 .debug_info    0x0000bfe0      0x536 c:/program files/microchip/xc32/v4.21/bin/bin/../../lib/gcc/pic32c/8.3.1/../../../../pic32c/lib/thumb/v8-m.base/nofp\libc-musl.a(libc.o)
 .debug_info    0x0000c516      0x2b0 c:/program files/microchip/xc32/v4.21/bin/bin/../../lib/gcc/pic32c/8.3.1/../../../../pic32c/lib/thumb/v8-m.base/nofp\libc-musl.a(__environ.o)

.debug_abbrev   0x00000000     0x173a
 .debug_abbrev  0x00000000      0x506 build/sam_l10_xpro/production/_ext/946756339/drv_spi.o
 .debug_abbrev  0x00000506      0x104 build/sam_l10_xpro/production/_ext/14877202/plib_clock.o
 .debug_abbrev  0x0000060a       0x3b build/sam_l10_xpro/production/_ext/12727716/plib_evsys.o
 .debug_abbrev  0x00000645      0x1d0 build/sam_l10_xpro/production/_ext/1939805438/plib_nvic.o
 .debug_abbrev  0x00000815      0x1d8 build/sam_l10_xpro/production/_ext/44973424/plib_nvmctrl.o
 .debug_abbrev  0x000009ed       0xfb build/sam_l10_xpro/production/_ext/592394269/plib_pm.o
 .debug_abbrev  0x00000ae8      0x1c7 build/sam_l10_xpro/production/_ext/1939752287/plib_port.o
 .debug_abbrev  0x00000caf      0x29a build/sam_l10_xpro/production/_ext/1266670563/plib_sercom0_spi_master.o
 .debug_abbrev  0x00000f49      0x22f build/sam_l10_xpro/production/_ext/13305212/initialization.o
 .debug_abbrev  0x00001178       0xda build/sam_l10_xpro/production/_ext/13305212/interrupts.o
 .debug_abbrev  0x00001252       0x3e build/sam_l10_xpro/production/_ext/13305212/exceptions.o
 .debug_abbrev  0x00001290      0x110 build/sam_l10_xpro/production/_ext/13305212/startup_xc32.o
 .debug_abbrev  0x000013a0      0x118 build/sam_l10_xpro/production/_ext/1360937237/main.o
 .debug_abbrev  0x000014b8       0x2e c:/program files/microchip/xc32/v4.21/bin/bin/../../lib/gcc/pic32c/8.3.1/../../../../pic32c/lib/thumb/v8-m.base/nofp\libpic32c.a(data_init_wrapper.o)
 .debug_abbrev  0x000014e6       0x2e c:/program files/microchip/xc32/v4.21/bin/bin/../../lib/gcc/pic32c/8.3.1/../../../../pic32c/lib/thumb/v8-m.base/nofp\libpic32c.a(data_init_0_1.o)
 .debug_abbrev  0x00001514      0x117 c:/program files/microchip/xc32/v4.21/bin/bin/../../lib/gcc/pic32c/8.3.1/../../../../pic32c/lib/thumb/v8-m.base/nofp\libc-musl.a(__libc_start_main.o)
 .debug_abbrev  0x0000162b       0xb8 c:/program files/microchip/xc32/v4.21/bin/bin/../../lib/gcc/pic32c/8.3.1/../../../../pic32c/lib/thumb/v8-m.base/nofp\libc-musl.a(libc.o)
 .debug_abbrev  0x000016e3       0x57 c:/program files/microchip/xc32/v4.21/bin/bin/../../lib/gcc/pic32c/8.3.1/../../../../pic32c/lib/thumb/v8-m.base/nofp\libc-musl.a(__environ.o)

.debug_loc      0x00000000     0x2e28
 .debug_loc     0x00000000     0x1df6 build/sam_l10_xpro/production/_ext/946756339/drv_spi.o
 .debug_loc     0x00001df6      0x136 build/sam_l10_xpro/production/_ext/1939805438/plib_nvic.o
 .debug_loc     0x00001f2c      0x628 build/sam_l10_xpro/production/_ext/44973424/plib_nvmctrl.o
 .debug_loc     0x00002554       0x63 build/sam_l10_xpro/production/_ext/592394269/plib_pm.o
 .debug_loc     0x000025b7      0x226 build/sam_l10_xpro/production/_ext/1939752287/plib_port.o
 .debug_loc     0x000027dd      0x4f1 build/sam_l10_xpro/production/_ext/1266670563/plib_sercom0_spi_master.o
 .debug_loc     0x00002cce       0x45 build/sam_l10_xpro/production/_ext/13305212/initialization.o
 .debug_loc     0x00002d13       0x20 build/sam_l10_xpro/production/_ext/13305212/startup_xc32.o
 .debug_loc     0x00002d33       0x6f build/sam_l10_xpro/production/_ext/1360937237/main.o
 .debug_loc     0x00002da2       0x14 c:/program files/microchip/xc32/v4.21/bin/bin/../../lib/gcc/pic32c/8.3.1/../../../../pic32c/lib/thumb/v8-m.base/nofp\libpic32c.a(data_init_wrapper.o)
 .debug_loc     0x00002db6       0x14 c:/program files/microchip/xc32/v4.21/bin/bin/../../lib/gcc/pic32c/8.3.1/../../../../pic32c/lib/thumb/v8-m.base/nofp\libpic32c.a(data_init_0_1.o)
 .debug_loc     0x00002dca       0x5e c:/program files/microchip/xc32/v4.21/bin/bin/../../lib/gcc/pic32c/8.3.1/../../../../pic32c/lib/thumb/v8-m.base/nofp\libc-musl.a(__libc_start_main.o)

.debug_aranges  0x00000000      0x410
 .debug_aranges
                0x00000000       0x98 build/sam_l10_xpro/production/_ext/946756339/drv_spi.o
 .debug_aranges
                0x00000098       0x20 build/sam_l10_xpro/production/_ext/14877202/plib_clock.o
 .debug_aranges
                0x000000b8       0x20 build/sam_l10_xpro/production/_ext/12727716/plib_evsys.o
 .debug_aranges
                0x000000d8       0x38 build/sam_l10_xpro/production/_ext/1939805438/plib_nvic.o
 .debug_aranges
                0x00000110       0xa0 build/sam_l10_xpro/production/_ext/44973424/plib_nvmctrl.o
 .debug_aranges
                0x000001b0       0x40 build/sam_l10_xpro/production/_ext/592394269/plib_pm.o
 .debug_aranges
                0x000001f0       0x70 build/sam_l10_xpro/production/_ext/1939752287/plib_port.o
 .debug_aranges
                0x00000260       0x60 build/sam_l10_xpro/production/_ext/1266670563/plib_sercom0_spi_master.o
 .debug_aranges
                0x000002c0       0x20 build/sam_l10_xpro/production/_ext/13305212/initialization.o
 .debug_aranges
                0x000002e0       0x20 build/sam_l10_xpro/production/_ext/13305212/interrupts.o
 .debug_aranges
                0x00000300       0x28 build/sam_l10_xpro/production/_ext/13305212/exceptions.o
 .debug_aranges
                0x00000328       0x28 build/sam_l10_xpro/production/_ext/13305212/startup_xc32.o
 .debug_aranges
                0x00000350       0x28 build/sam_l10_xpro/production/_ext/1360937237/main.o
 .debug_aranges
                0x00000378       0x20 c:/program files/microchip/xc32/v4.21/bin/bin/../../lib/gcc/pic32c/8.3.1/../../../../pic32c/lib/thumb/v8-m.base/nofp\libpic32c.a(data_init_wrapper.o)
 .debug_aranges
                0x00000398       0x20 c:/program files/microchip/xc32/v4.21/bin/bin/../../lib/gcc/pic32c/8.3.1/../../../../pic32c/lib/thumb/v8-m.base/nofp\libpic32c.a(data_init_0_1.o)
 .debug_aranges
                0x000003b8       0x28 c:/program files/microchip/xc32/v4.21/bin/bin/../../lib/gcc/pic32c/8.3.1/../../../../pic32c/lib/thumb/v8-m.base/nofp\libc-musl.a(__libc_start_main.o)
 .debug_aranges
                0x000003e0       0x18 c:/program files/microchip/xc32/v4.21/bin/bin/../../lib/gcc/pic32c/8.3.1/../../../../pic32c/lib/thumb/v8-m.base/nofp\libc-musl.a(libc.o)
 .debug_aranges
                0x000003f8       0x18 c:/program files/microchip/xc32/v4.21/bin/bin/../../lib/gcc/pic32c/8.3.1/../../../../pic32c/lib/thumb/v8-m.base/nofp\libc-musl.a(__environ.o)

.debug_ranges   0x00000000      0x420
 .debug_ranges  0x00000000      0x1a8 build/sam_l10_xpro/production/_ext/946756339/drv_spi.o
 .debug_ranges  0x000001a8       0x10 build/sam_l10_xpro/production/_ext/14877202/plib_clock.o
 .debug_ranges  0x000001b8       0x10 build/sam_l10_xpro/production/_ext/12727716/plib_evsys.o
 .debug_ranges  0x000001c8       0x28 build/sam_l10_xpro/production/_ext/1939805438/plib_nvic.o
 .debug_ranges  0x000001f0       0x90 build/sam_l10_xpro/production/_ext/44973424/plib_nvmctrl.o
 .debug_ranges  0x00000280       0x30 build/sam_l10_xpro/production/_ext/592394269/plib_pm.o
 .debug_ranges  0x000002b0       0x60 build/sam_l10_xpro/production/_ext/1939752287/plib_port.o
 .debug_ranges  0x00000310       0x50 build/sam_l10_xpro/production/_ext/1266670563/plib_sercom0_spi_master.o
 .debug_ranges  0x00000360       0x10 build/sam_l10_xpro/production/_ext/13305212/initialization.o
 .debug_ranges  0x00000370       0x10 build/sam_l10_xpro/production/_ext/13305212/interrupts.o
 .debug_ranges  0x00000380       0x18 build/sam_l10_xpro/production/_ext/13305212/exceptions.o
 .debug_ranges  0x00000398       0x18 build/sam_l10_xpro/production/_ext/13305212/startup_xc32.o
 .debug_ranges  0x000003b0       0x18 build/sam_l10_xpro/production/_ext/1360937237/main.o
 .debug_ranges  0x000003c8       0x10 c:/program files/microchip/xc32/v4.21/bin/bin/../../lib/gcc/pic32c/8.3.1/../../../../pic32c/lib/thumb/v8-m.base/nofp\libpic32c.a(data_init_wrapper.o)
 .debug_ranges  0x000003d8       0x10 c:/program files/microchip/xc32/v4.21/bin/bin/../../lib/gcc/pic32c/8.3.1/../../../../pic32c/lib/thumb/v8-m.base/nofp\libpic32c.a(data_init_0_1.o)
 .debug_ranges  0x000003e8       0x38 c:/program files/microchip/xc32/v4.21/bin/bin/../../lib/gcc/pic32c/8.3.1/../../../../pic32c/lib/thumb/v8-m.base/nofp\libc-musl.a(__libc_start_main.o)

.debug_line     0x00000000     0x3508
 .debug_line    0x00000000     0x1113 build/sam_l10_xpro/production/_ext/946756339/drv_spi.o
 .debug_line    0x00001113      0x217 build/sam_l10_xpro/production/_ext/14877202/plib_clock.o
 .debug_line    0x0000132a       0x6b build/sam_l10_xpro/production/_ext/12727716/plib_evsys.o
 .debug_line    0x00001395      0x36d build/sam_l10_xpro/production/_ext/1939805438/plib_nvic.o
 .debug_line    0x00001702      0x444 build/sam_l10_xpro/production/_ext/44973424/plib_nvmctrl.o
 .debug_line    0x00001b46      0x233 build/sam_l10_xpro/production/_ext/592394269/plib_pm.o
 .debug_line    0x00001d79      0x31f build/sam_l10_xpro/production/_ext/1939752287/plib_port.o
 .debug_line    0x00002098      0x6e4 build/sam_l10_xpro/production/_ext/1266670563/plib_sercom0_spi_master.o
 .debug_line    0x0000277c      0x40c build/sam_l10_xpro/production/_ext/13305212/initialization.o
 .debug_line    0x00002b88       0xf4 build/sam_l10_xpro/production/_ext/13305212/interrupts.o
 .debug_line    0x00002c7c       0x73 build/sam_l10_xpro/production/_ext/13305212/exceptions.o
 .debug_line    0x00002cef      0x15c build/sam_l10_xpro/production/_ext/13305212/startup_xc32.o
 .debug_line    0x00002e4b      0x166 build/sam_l10_xpro/production/_ext/1360937237/main.o
 .debug_line    0x00002fb1       0xac c:/program files/microchip/xc32/v4.21/bin/bin/../../lib/gcc/pic32c/8.3.1/../../../../pic32c/lib/thumb/v8-m.base/nofp\libpic32c.a(data_init_wrapper.o)
 .debug_line    0x0000305d      0x119 c:/program files/microchip/xc32/v4.21/bin/bin/../../lib/gcc/pic32c/8.3.1/../../../../pic32c/lib/thumb/v8-m.base/nofp\libpic32c.a(data_init_0_1.o)
 .debug_line    0x00003176      0x1cd c:/program files/microchip/xc32/v4.21/bin/bin/../../lib/gcc/pic32c/8.3.1/../../../../pic32c/lib/thumb/v8-m.base/nofp\libc-musl.a(__libc_start_main.o)
 .debug_line    0x00003343       0xbc c:/program files/microchip/xc32/v4.21/bin/bin/../../lib/gcc/pic32c/8.3.1/../../../../pic32c/lib/thumb/v8-m.base/nofp\libc-musl.a(libc.o)
 .debug_line    0x000033ff      0x109 c:/program files/microchip/xc32/v4.21/bin/bin/../../lib/gcc/pic32c/8.3.1/../../../../pic32c/lib/thumb/v8-m.base/nofp\libc-musl.a(__environ.o)

.debug_str      0x00000000      0x435
 .debug_str     0x00000000      0x1c8 build/sam_l10_xpro/production/_ext/946756339/drv_spi.o
 .debug_str     0x000001c8       0x1e build/sam_l10_xpro/production/_ext/14877202/plib_clock.o
 .debug_str     0x000001e6        0x0 build/sam_l10_xpro/production/_ext/12727716/plib_evsys.o
 .debug_str     0x000001e6        0x0 build/sam_l10_xpro/production/_ext/1939805438/plib_nvic.o
 .debug_str     0x000001e6       0x1f build/sam_l10_xpro/production/_ext/44973424/plib_nvmctrl.o
 .debug_str     0x00000205        0x0 build/sam_l10_xpro/production/_ext/592394269/plib_pm.o
 .debug_str     0x00000205        0xb build/sam_l10_xpro/production/_ext/1939752287/plib_port.o
 .debug_str     0x00000210      0x13b build/sam_l10_xpro/production/_ext/1266670563/plib_sercom0_spi_master.o
 .debug_str     0x0000034b       0x9a build/sam_l10_xpro/production/_ext/13305212/initialization.o
 .debug_str     0x000003e5        0x0 build/sam_l10_xpro/production/_ext/13305212/interrupts.o
 .debug_str     0x000003e5        0x0 build/sam_l10_xpro/production/_ext/13305212/exceptions.o
 .debug_str     0x000003e5       0x2f build/sam_l10_xpro/production/_ext/13305212/startup_xc32.o
 .debug_str     0x00000414       0x21 build/sam_l10_xpro/production/_ext/1360937237/main.o
 .debug_str     0x00000435        0x0 c:/program files/microchip/xc32/v4.21/bin/bin/../../lib/gcc/pic32c/8.3.1/../../../../pic32c/lib/thumb/v8-m.base/nofp\libpic32c.a(data_init_wrapper.o)
 .debug_str     0x00000435        0x0 c:/program files/microchip/xc32/v4.21/bin/bin/../../lib/gcc/pic32c/8.3.1/../../../../pic32c/lib/thumb/v8-m.base/nofp\libpic32c.a(data_init_0_1.o)
 .debug_str     0x00000435        0x0 c:/program files/microchip/xc32/v4.21/bin/bin/../../lib/gcc/pic32c/8.3.1/../../../../pic32c/lib/thumb/v8-m.base/nofp\libc-musl.a(__libc_start_main.o)
 .debug_str     0x00000435        0x0 c:/program files/microchip/xc32/v4.21/bin/bin/../../lib/gcc/pic32c/8.3.1/../../../../pic32c/lib/thumb/v8-m.base/nofp\libc-musl.a(libc.o)
 .debug_str     0x00000435        0x0 c:/program files/microchip/xc32/v4.21/bin/bin/../../lib/gcc/pic32c/8.3.1/../../../../pic32c/lib/thumb/v8-m.base/nofp\libc-musl.a(__environ.o)

.debug_frame    0x00000000      0x728
 .debug_frame   0x00000000      0x1c0 build/sam_l10_xpro/production/_ext/946756339/drv_spi.o
 .debug_frame   0x000001c0       0x20 build/sam_l10_xpro/production/_ext/14877202/plib_clock.o
 .debug_frame   0x000001e0       0x20 build/sam_l10_xpro/production/_ext/12727716/plib_evsys.o
 .debug_frame   0x00000200       0x50 build/sam_l10_xpro/production/_ext/1939805438/plib_nvic.o
 .debug_frame   0x00000250      0x15c build/sam_l10_xpro/production/_ext/44973424/plib_nvmctrl.o
 .debug_frame   0x000003ac       0x60 build/sam_l10_xpro/production/_ext/592394269/plib_pm.o
 .debug_frame   0x0000040c       0xcc build/sam_l10_xpro/production/_ext/1939752287/plib_port.o
 .debug_frame   0x000004d8       0xd0 build/sam_l10_xpro/production/_ext/1266670563/plib_sercom0_spi_master.o
 .debug_frame   0x000005a8       0x28 build/sam_l10_xpro/production/_ext/13305212/initialization.o
 .debug_frame   0x000005d0       0x20 build/sam_l10_xpro/production/_ext/13305212/interrupts.o
 .debug_frame   0x000005f0       0x30 build/sam_l10_xpro/production/_ext/13305212/exceptions.o
 .debug_frame   0x00000620       0x38 build/sam_l10_xpro/production/_ext/13305212/startup_xc32.o
 .debug_frame   0x00000658       0x40 build/sam_l10_xpro/production/_ext/1360937237/main.o
 .debug_frame   0x00000698       0x28 c:/program files/microchip/xc32/v4.21/bin/bin/../../lib/gcc/pic32c/8.3.1/../../../../pic32c/lib/thumb/v8-m.base/nofp\libpic32c.a(data_init_wrapper.o)
 .debug_frame   0x000006c0       0x30 c:/program files/microchip/xc32/v4.21/bin/bin/../../lib/gcc/pic32c/8.3.1/../../../../pic32c/lib/thumb/v8-m.base/nofp\libpic32c.a(data_init_0_1.o)
 .debug_frame   0x000006f0       0x38 c:/program files/microchip/xc32/v4.21/bin/bin/../../lib/gcc/pic32c/8.3.1/../../../../pic32c/lib/thumb/v8-m.base/nofp\libc-musl.a(__libc_start_main.o)

.note.GNU-stack
                0x00000000        0x0
 .note.GNU-stack
                0x00000000        0x0 c:/program files/microchip/xc32/v4.21/bin/bin/../../lib/gcc/pic32c/8.3.1/../../../../pic32c/lib/thumb/v8-m.base/nofp\libc-musl.a(__libc_start_main.o)
 .note.GNU-stack
                0x00000000        0x0 c:/program files/microchip/xc32/v4.21/bin/bin/../../lib/gcc/pic32c/8.3.1/../../../../pic32c/lib/thumb/v8-m.base/nofp\libc-musl.a(libc.o)
 .note.GNU-stack
                0x00000000        0x0 c:/program files/microchip/xc32/v4.21/bin/bin/../../lib/gcc/pic32c/8.3.1/../../../../pic32c/lib/thumb/v8-m.base/nofp\libc-musl.a(__environ.o)

.stack          0x20000380      0x100
 .stack         0x20000380      0x100 stack

.bss.gDrvSPIObj%1
                0x20000000       0x54
 .bss.gDrvSPIObj
                0x20000000       0x54 build/sam_l10_xpro/production/_ext/946756339/drv_spi.o

.bss%2          0x20000054       0x50
 .bss           0x20000054       0x50 c:/program files/microchip/xc32/v4.21/bin/bin/../../lib/gcc/pic32c/8.3.1/../../../../pic32c/lib/thumb/v8-m.base/nofp\libc-musl.a(libc.o)
                0x20000054                __progname_full
                0x20000054                program_invocation_name
                0x20000058                program_invocation_short_name
                0x20000058                __progname
                0x2000005c                __sysinfo
                0x20000060                __hwcap
                0x20000064                __libc

.bss.drvSPI0TransferObjPool%3
                0x200000a4       0x48
 .bss.drvSPI0TransferObjPool
                0x200000a4       0x48 build/sam_l10_xpro/production/_ext/13305212/initialization.o

.bss.sercom0SPIObj%4
                0x200000ec       0x2c
 .bss.sercom0SPIObj
                0x200000ec       0x2c build/sam_l10_xpro/production/_ext/1266670563/plib_sercom0_spi_master.o

.bss.drvSPI0ClientObjPool%5
                0x20000118       0x28
 .bss.drvSPI0ClientObjPool
                0x20000118       0x28 build/sam_l10_xpro/production/_ext/13305212/initialization.o

.bss%6          0x20000140       0x24
 .bss           0x20000140       0x1c c:/program files/microchip/xc32/v4.21/bin/bin/../../lib/gcc/pic32c/8.3.1/thumb/v8-m.base/nofp/crtbegin.o
 .bss           0x2000015c        0x4 c:/program files/microchip/xc32/v4.21/bin/bin/../../lib/gcc/pic32c/8.3.1/../../../../pic32c/lib/thumb/v8-m.base/nofp\libpic32c.a(data_init_0_1.o)
 .bss           0x20000160        0x4 c:/program files/microchip/xc32/v4.21/bin/bin/../../lib/gcc/pic32c/8.3.1/../../../../pic32c/lib/thumb/v8-m.base/nofp\libc-musl.a(__environ.o)
                0x20000160                __environ
                0x20000160                environ
                0x20000160                ___environ
                0x20000160                _environ

.bss.isLastByteTransferInProgress.5931%9
                0x20000164        0x1
 .bss.isLastByteTransferInProgress.5931
                0x20000164        0x1 build/sam_l10_xpro/production/_ext/1266670563/plib_sercom0_spi_master.o

.eh_frame%z1    0x00000000        0x0
 .eh_frame      0x00000000        0x0 c:/program files/microchip/xc32/v4.21/bin/bin/../../lib/gcc/pic32c/8.3.1/thumb/v8-m.base/nofp/crtbegin.o

.config_00804000.__config_00804000%10
                0x00804000        0x4
 .config_00804000.__config_00804000
                0x00804000        0x4 build/sam_l10_xpro/production/_ext/13305212/initialization.o
                0x00804000                __config_00804000

.config_00804004.__config_00804004%11
                0x00804004        0x4
 .config_00804004.__config_00804004
                0x00804004        0x4 build/sam_l10_xpro/production/_ext/13305212/initialization.o
                0x00804004                __config_00804004

.config_0080C004.__config_0080C004%12
                0x0080c004        0x4
 .config_0080C004.__config_0080C004
                0x0080c004        0x4 build/sam_l10_xpro/production/_ext/13305212/initialization.o
                0x0080c004                __config_0080C004

.config_0080C040.__config_0080C040%13
                0x0080c040        0x4
 .config_0080C040.__config_0080C040
                0x0080c040        0x4 build/sam_l10_xpro/production/_ext/13305212/initialization.o
                0x0080c040                __config_0080C040

.config_0080C044.__config_0080C044%14
                0x0080c044        0x4
 .config_0080C044.__config_0080C044
                0x0080c044        0x4 build/sam_l10_xpro/production/_ext/13305212/initialization.o
                0x0080c044                __config_0080C044

.config_0080C048.__config_0080C048%15
                0x0080c048        0x4
 .config_0080C048.__config_0080C048
                0x0080c048        0x4 build/sam_l10_xpro/production/_ext/13305212/initialization.o
                0x0080c048                __config_0080C048

.config_0080C04C.__config_0080C04C%16
                0x0080c04c        0x4
 .config_0080C04C.__config_0080C04C
                0x0080c04c        0x4 build/sam_l10_xpro/production/_ext/13305212/initialization.o
                0x0080c04c                __config_0080C04C

.text.SERCOM0_SPI_InterruptHandler%17
                0x00000114      0x25a
 .text.SERCOM0_SPI_InterruptHandler
                0x00000114      0x25a build/sam_l10_xpro/production/_ext/1266670563/plib_sercom0_spi_master.o
                0x00000114                SERCOM0_SPI_InterruptHandler

.text.SERCOM0_SPI_WriteRead%18
                0x0000036e      0x1b0
 .text.SERCOM0_SPI_WriteRead
                0x0000036e      0x1b0 build/sam_l10_xpro/production/_ext/1266670563/plib_sercom0_spi_master.o
                0x0000036e                SERCOM0_SPI_WriteRead

.text.CLOCK_Initialize%19
                0x0000051e       0xf0
 .text.CLOCK_Initialize
                0x0000051e       0xf0 build/sam_l10_xpro/production/_ext/14877202/plib_clock.o
                0x0000051e                CLOCK_Initialize

.text._DRV_SPI_PlibCallbackHandler%20
                0x0000060e       0xee
 .text._DRV_SPI_PlibCallbackHandler
                0x0000060e       0xee build/sam_l10_xpro/production/_ext/946756339/drv_spi.o

.text.SERCOM0_SPI_TransferSetup%21
                0x000006fc       0xb8
 .text.SERCOM0_SPI_TransferSetup
                0x000006fc       0xb8 build/sam_l10_xpro/production/_ext/1266670563/plib_sercom0_spi_master.o
                0x000006fc                SERCOM0_SPI_TransferSetup

.text._DRV_SPI_UpdateTransferSetupAndAssertCS%22
                0x000007b4       0xac
 .text._DRV_SPI_UpdateTransferSetupAndAssertCS
                0x000007b4       0xac build/sam_l10_xpro/production/_ext/946756339/drv_spi.o

.text.DRV_SPI_Initialize%23
                0x00000860       0x8c
 .text.DRV_SPI_Initialize
                0x00000860       0x8c build/sam_l10_xpro/production/_ext/946756339/drv_spi.o
                0x00000860                DRV_SPI_Initialize

.dinit%24       0x000008ec       0x80
 .dinit         0x000008ec       0x80 data_init

.text.PORT_Initialize%25
                0x0000096c       0x74
 .text.PORT_Initialize
                0x0000096c       0x74 build/sam_l10_xpro/production/_ext/1939752287/plib_port.o
                0x0000096c                PORT_Initialize

.text.__pic32c_data_initialization_impl%26
                0x000009e0       0x70
 .text.__pic32c_data_initialization_impl
                0x000009e0       0x70 c:/program files/microchip/xc32/v4.21/bin/bin/../../lib/gcc/pic32c/8.3.1/../../../../pic32c/lib/thumb/v8-m.base/nofp\libpic32c.a(data_init_0_1.o)
                0x000009e0                __copy_needed
                0x000009e0                __pic32c_data_initialization_impl

.text.NVIC_Initialize%27
                0x00000a50       0x6c
 .text.NVIC_Initialize
                0x00000a50       0x6c build/sam_l10_xpro/production/_ext/1939805438/plib_nvic.o
                0x00000a50                NVIC_Initialize

.text.__libc_start_init%28
                0x00000abc       0x5c
 .text.__libc_start_init
                0x00000abc       0x5c c:/program files/microchip/xc32/v4.21/bin/bin/../../lib/gcc/pic32c/8.3.1/../../../../pic32c/lib/thumb/v8-m.base/nofp\libc-musl.a(__libc_start_main.o)
                0x00000abc                __libc_init_array

.text.Reset_Handler%29
                0x00000b18       0x54
 .text.Reset_Handler
                0x00000b18       0x54 build/sam_l10_xpro/production/_ext/13305212/startup_xc32.o
                0x00000b18                Reset_Handler

.text.SERCOM0_SPI_Initialize%30
                0x00000b6c       0x52
 .text.SERCOM0_SPI_Initialize
                0x00000b6c       0x52 build/sam_l10_xpro/production/_ext/1266670563/plib_sercom0_spi_master.o
                0x00000b6c                SERCOM0_SPI_Initialize

.text%31        0x00000bc0       0x40
 .text          0x00000bc0       0x40 c:/program files/microchip/xc32/v4.21/bin/bin/../../lib/gcc/pic32c/8.3.1/thumb/v8-m.base/nofp/crtbegin.o

.text.PM_Initialize%32
                0x00000c00       0x3a
 .text.PM_Initialize
                0x00000c00       0x3a build/sam_l10_xpro/production/_ext/592394269/plib_pm.o
                0x00000c00                PM_Initialize

.text.SYS_Initialize%33
                0x00000c3a       0x3a
 .text.SYS_Initialize
                0x00000c3a       0x3a build/sam_l10_xpro/production/_ext/13305212/initialization.o
                0x00000c3a                SYS_Initialize

.rodata.drvSPI0remapDataBits%34
                0x00000c74       0x28
 .rodata.drvSPI0remapDataBits
                0x00000c74       0x28 build/sam_l10_xpro/production/_ext/13305212/initialization.o
                0x00000c74                drvSPI0remapDataBits

.rodata.drvSPI0InitData%35
                0x00000c9c       0x24
 .rodata.drvSPI0InitData
                0x00000c9c       0x24 build/sam_l10_xpro/production/_ext/13305212/initialization.o
                0x00000c9c                drvSPI0InitData

.text.SERCOM0_SPI_IsTransmitterBusy%36
                0x00000cc0       0x16
 .text.SERCOM0_SPI_IsTransmitterBusy
                0x00000cc0       0x16 build/sam_l10_xpro/production/_ext/1266670563/plib_sercom0_spi_master.o
                0x00000cc0                SERCOM0_SPI_IsTransmitterBusy

.text.CLCD_Write%37
                0x00000cd6       0x16
 .text.CLCD_Write
                0x00000cd6       0x16 build/sam_l10_xpro/production/_ext/1360937237/main.o
                0x00000cd6                CLCD_Write

.text.NVMCTRL_Initialize%38
                0x00000cec       0x12
 .text.NVMCTRL_Initialize
                0x00000cec       0x12 build/sam_l10_xpro/production/_ext/44973424/plib_nvmctrl.o
                0x00000cec                NVMCTRL_Initialize

.rodata.drvSPI0InterruptSources%39
                0x00000d00       0x10
 .rodata.drvSPI0InterruptSources
                0x00000d00       0x10 build/sam_l10_xpro/production/_ext/13305212/initialization.o
                0x00000d00                drvSPI0InterruptSources

.rodata.drvSPI0PlibAPI%40
                0x00000d10       0x10
 .rodata.drvSPI0PlibAPI
                0x00000d10       0x10 build/sam_l10_xpro/production/_ext/13305212/initialization.o
                0x00000d10                drvSPI0PlibAPI

.text.main%41   0x00000d20       0x10
 .text.main     0x00000d20       0x10 build/sam_l10_xpro/production/_ext/1360937237/main.o
                0x00000d20                main

.text.SERCOM0_SPI_CallbackRegister%42
                0x00000d30        0xe
 .text.SERCOM0_SPI_CallbackRegister
                0x00000d30        0xe build/sam_l10_xpro/production/_ext/1266670563/plib_sercom0_spi_master.o
                0x00000d30                SERCOM0_SPI_CallbackRegister

.text.SERCOM0_SPI_Write%43
                0x00000d3e        0xc
 .text.SERCOM0_SPI_Write
                0x00000d3e        0xc build/sam_l10_xpro/production/_ext/1266670563/plib_sercom0_spi_master.o
                0x00000d3e                SERCOM0_SPI_Write

.rodata.drvSPI0remapClockPhase%44
                0x00000d4c        0x8
 .rodata.drvSPI0remapClockPhase
                0x00000d4c        0x8 build/sam_l10_xpro/production/_ext/13305212/initialization.o
                0x00000d4c                drvSPI0remapClockPhase

.rodata.drvSPI0remapClockPolarity%45
                0x00000d54        0x8
 .rodata.drvSPI0remapClockPolarity
                0x00000d54        0x8 build/sam_l10_xpro/production/_ext/13305212/initialization.o
                0x00000d54                drvSPI0remapClockPolarity

.text.__pic32c_data_initialization%46
                0x00000d5c        0x8
 .text.__pic32c_data_initialization
                0x00000d5c        0x8 c:/program files/microchip/xc32/v4.21/bin/bin/../../lib/gcc/pic32c/8.3.1/../../../../pic32c/lib/thumb/v8-m.base/nofp\libpic32c.a(data_init_wrapper.o)
                0x00000d5c                __pic32c_data_initialization

.text.PORT_GroupSet%47
                0x00000d64        0x4
 .text.PORT_GroupSet
                0x00000d64        0x4 build/sam_l10_xpro/production/_ext/1939752287/plib_port.o
                0x00000d64                PORT_GroupSet

.text.PORT_GroupClear%48
                0x00000d68        0x4
 .text.PORT_GroupClear
                0x00000d68        0x4 build/sam_l10_xpro/production/_ext/1939752287/plib_port.o
                0x00000d68                PORT_GroupClear

.text.EVSYS_Initialize%49
                0x00000bbe        0x2
 .text.EVSYS_Initialize
                0x00000bbe        0x2 build/sam_l10_xpro/production/_ext/12727716/plib_evsys.o
                0x00000bbe                EVSYS_Initialize

.text.Dummy_Handler%50
                0x00000cfe        0x2
 .text.Dummy_Handler
                0x00000cfe        0x2 build/sam_l10_xpro/production/_ext/13305212/interrupts.o
                0x00000cfe                SVCall_Handler
                0x00000cfe                EVSYS_0_Handler
                0x00000cfe                TRNG_Handler
                0x00000cfe                ADC_RESRDY_Handler
                0x00000cfe                TC2_Handler
                0x00000cfe                AC_Handler
                0x00000cfe                DMAC_OTHER_Handler
                0x00000cfe                SysTick_Handler
                0x00000cfe                PendSV_Handler
                0x00000cfe                EVSYS_3_Handler
                0x00000cfe                RTC_Handler
                0x00000cfe                SERCOM1_OTHER_Handler
                0x00000cfe                EVSYS_1_Handler
                0x00000cfe                DMAC_0_Handler
                0x00000cfe                WDT_Handler
                0x00000cfe                TRAM_Handler
                0x00000cfe                EVSYS_NSCHK_Handler
                0x00000cfe                EIC_EXTINT_1_Handler
                0x00000cfe                TC1_Handler
                0x00000cfe                EIC_EXTINT_0_Handler
                0x00000cfe                DAC_EMPTY_Handler
                0x00000cfe                PAC_Handler
                0x00000cfe                Dummy_Handler
                0x00000cfe                DMAC_2_Handler
                0x00000cfe                DMAC_1_Handler
                0x00000cfe                EIC_EXTINT_2_Handler
                0x00000cfe                SERCOM1_1_Handler
                0x00000cfe                NVMCTRL_Handler
                0x00000cfe                PORT_Handler
                0x00000cfe                SYSTEM_Handler
                0x00000cfe                SERCOM1_0_Handler
                0x00000cfe                SERCOM2_1_Handler
                0x00000cfe                SERCOM1_2_Handler
                0x00000cfe                SERCOM2_2_Handler
                0x00000cfe                EIC_EXTINT_3_Handler
                0x00000cfe                PTC_Handler
                0x00000cfe                EVSYS_2_Handler
                0x00000cfe                SERCOM2_OTHER_Handler
                0x00000cfe                FREQM_Handler
                0x00000cfe                DAC_UNDERRUN_A_Handler
                0x00000cfe                TC0_Handler
                0x00000cfe                EIC_OTHER_Handler
                0x00000cfe                ADC_OTHER_Handler
                0x00000cfe                DMAC_3_Handler
                0x00000cfe                SERCOM2_0_Handler

.text.NonMaskableInt_Handler%51
                0x00000d4a        0x2
 .text.NonMaskableInt_Handler
                0x00000d4a        0x2 build/sam_l10_xpro/production/_ext/13305212/exceptions.o
                0x00000d4a                NonMaskableInt_Handler

.text.HardFault_Handler%52
                0x00000d6c        0x2
 .text.HardFault_Handler
                0x00000d6c        0x2 build/sam_l10_xpro/production/_ext/13305212/exceptions.o
                0x00000d6c                HardFault_Handler

.text.Dummy_App_Func%53
                0x00000d6e        0x2
 .text.Dummy_App_Func
                0x00000d6e        0x2 build/sam_l10_xpro/production/_ext/13305212/startup_xc32.o
                0x00000d6e                _on_reset
                0x00000d6e                _on_bootstrap
                0x00000d6e                __xc32_on_reset
                0x00000d6e                Dummy_App_Func
                0x00000d6e                __xc32_on_bootstrap

.text.__dummy%54
                0x00000d70        0x2
 .text.__dummy  0x00000d70        0x2 c:/program files/microchip/xc32/v4.21/bin/bin/../../lib/gcc/pic32c/8.3.1/../../../../pic32c/lib/thumb/v8-m.base/nofp\libc-musl.a(__libc_start_main.o)
                0x00000d70                __init_stdio
                0x00000d70                __init_host
